
Memory Configuration

Name             Origin             Length             Attributes
RONLY            0x0000000000000000 0x0000000000001c00 xr
RAM              0x0000000000001c00 0x0000000000000400 xrw
*default*        0x0000000000000000 0xffffffffffffffff

Linker script and memory map


.text           0x0000000000000000      0xc38
                0x0000000000000000                . = ALIGN (0x4)
 *(.boot)
 .boot          0x0000000000000000        0x4 C:\Users\1L020\AppData\Local\Temp\ccH5ouk8.o
 *(.text)
 .text          0x0000000000000004      0x16c C:\Users\1L020\AppData\Local\Temp\ccH5ouk8.o
                0x0000000000000064                delay_loop
                0x0000000000000070                test_mult
 .text          0x0000000000000170      0x740 C:\Users\1L020\AppData\Local\Temp\ccqdHGG9.o
                0x0000000000000170                irq2_handler
                0x00000000000001d4                irq3_handler
                0x0000000000000224                _putch
                0x0000000000000690                _puts
                0x00000000000006c4                _printf
                0x0000000000000700                _sprintf
                0x0000000000000738                _getch
                0x000000000000077c                haschar
                0x0000000000000798                getMEPC
                0x00000000000007a4                irq1_handler
                0x0000000000000814                spixfer
                0x0000000000000834                getw
                0x0000000000000888                _memcpy
 *(.text*)
 .text.startup  0x00000000000008b0      0x18c C:\Users\1L020\AppData\Local\Temp\ccqdHGG9.o
                0x00000000000008b0                main
 *(.rodata)
 *(.rodata*)
 .rodata.str1.4
                0x0000000000000a3c      0x1fc C:\Users\1L020\AppData\Local\Temp\ccqdHGG9.o
 *(.srodata)
 *(.srodata*)
                0x0000000000000c38                _etext = .
                0x0000000000000c38                _sidata = _etext

.rela.dyn       0x0000000000000c38        0x0
 .rela.text     0x0000000000000c38        0x0 C:\Users\1L020\AppData\Local\Temp\ccH5ouk8.o

.data           0x0000000000001c00        0x4 load address 0x0000000000000c38
                0x0000000000001c00                . = ALIGN (0x4)
                0x0000000000000c38                _sdata_values = LOADADDR (.data)
                0x0000000000001c00                _sdata = .
                0x0000000000001c00                _ram_start = .
                0x0000000000001c00                . = ALIGN (0x4)
 *(.data)
 .data          0x0000000000001c00        0x0 C:\Users\1L020\AppData\Local\Temp\ccH5ouk8.o
 .data          0x0000000000001c00        0x0 C:\Users\1L020\AppData\Local\Temp\ccqdHGG9.o
 *(.data*)
 *(.sdata)
 .sdata         0x0000000000001c00        0x1 C:\Users\1L020\AppData\Local\Temp\ccqdHGG9.o
 *(.sdata*)
                0x0000000000001c04                . = ALIGN (0x4)
 *fill*         0x0000000000001c01        0x3 
                0x0000000000001c04                _edata = .

.bss            0x0000000000001c04       0x24 load address 0x0000000000000c3c
                0x0000000000001c04                . = ALIGN (0x4)
                0x0000000000001c04                _sbss = .
 *(.bss)
 .bss           0x0000000000001c04        0x0 C:\Users\1L020\AppData\Local\Temp\ccH5ouk8.o
 .bss           0x0000000000001c04       0x20 C:\Users\1L020\AppData\Local\Temp\ccqdHGG9.o
                0x0000000000001c04                udat
 *(.bss*)
 *(.sbss)
 .sbss          0x0000000000001c24        0x2 C:\Users\1L020\AppData\Local\Temp\ccqdHGG9.o
                0x0000000000001c24                wrix
                0x0000000000001c25                rdix
 *(.sbss*)
 *(COMMON)
                0x0000000000001c28                . = ALIGN (0x4)
 *fill*         0x0000000000001c26        0x2 
                0x0000000000001c28                _ebss = .

.heap           0x0000000000001c28        0x0 load address 0x0000000000000c3c
                0x0000000000001c28                . = ALIGN (0x4)
                0x0000000000001c28                _heap_start = .
LOAD C:\Users\1L020\AppData\Local\Temp\ccH5ouk8.o
LOAD C:\Users\1L020\AppData\Local\Temp\ccqdHGG9.o
LOAD c:/tp1_rv32e/tools/xpack-risc_v/bin/../lib/gcc/riscv-none-elf/12.2.0/rv32em/ilp32e\libgcc.a
OUTPUT(code.elf elf32-littleriscv)

.riscv.attributes
                0x0000000000000000       0x25
 .riscv.attributes
                0x0000000000000000       0x1f C:\Users\1L020\AppData\Local\Temp\ccH5ouk8.o
 .riscv.attributes
                0x000000000000001f       0x25 C:\Users\1L020\AppData\Local\Temp\ccqdHGG9.o

.comment        0x0000000000000000       0x33
 .comment       0x0000000000000000       0x33 C:\Users\1L020\AppData\Local\Temp\ccqdHGG9.o
                                         0x34 (size before relaxing)
